// Jest Snapshot v1, https://goo.gl/fbAQLP

exports[`Restaurants component renders Restaurants component correctly 1`] = `
<div
  class="restaurants"
>
  <a
    class="back-button"
    href="/"
  >
    <svg
      fill="currentColor"
      height="1em"
      stroke="currentColor"
      stroke-width="0"
      viewBox="0 0 320 512"
      width="1em"
      xmlns="http://www.w3.org/2000/svg"
    >
      <path
        d="M9.4 233.4c-12.5 12.5-12.5 32.8 0 45.3l192 192c12.5 12.5 32.8 12.5 45.3 0s12.5-32.8 0-45.3L77.3 256 246.6 86.6c12.5-12.5 12.5-32.8 0-45.3s-32.8-12.5-45.3 0l-192 192z"
      />
    </svg>
  </a>
  <ul
    class="vendors-list"
  >
    <div
      class="skeleton"
    >
      <div
        class="skeleton--cover pulse"
      />
      <div
        class="skeleton--title pulse"
      />
      <div
        class="skeleton--description pulse"
      />
    </div>
    <div
      class="skeleton"
    >
      <div
        class="skeleton--cover pulse"
      />
      <div
        class="skeleton--title pulse"
      />
      <div
        class="skeleton--description pulse"
      />
    </div>
    <div
      class="skeleton"
    >
      <div
        class="skeleton--cover pulse"
      />
      <div
        class="skeleton--title pulse"
      />
      <div
        class="skeleton--description pulse"
      />
    </div>
  </ul>
</div>
`;
